Startpoint: up_down (input port clocked by MYCLK)
Endpoint: _49_ (rising edge-triggered flip-flop clocked by MYCLK)
Path Group: MYCLK
Path Type: min

Fanout       Cap      Slew     Delay      Time   Description
-------------------------------------------------------------------------------------
                    0.0000    0.0000    0.0000   clock MYCLK (rise edge)
                              3.0000    3.0000   clock network delay (ideal)
                              1.0000    4.0000 ^ input external delay
                    0.1000    0.0000    4.0000 ^ up_down (in)
     5    0.0156                                 up_down (net)
                    0.1000    0.0000    4.0000 ^ _37_/A (sky130_fd_sc_hd__xor2_1)
                    0.1111    0.2038    4.2038 v _37_/X (sky130_fd_sc_hd__xor2_1)
     1    0.0043                                 _22_ (net)
                    0.1111    0.0000    4.2038 v _38_/B (sky130_fd_sc_hd__xnor2_1)
                    0.0858    0.2773    4.4811 ^ _38_/Y (sky130_fd_sc_hd__xnor2_1)
     1    0.0018                                 _10_ (net)
                    0.0858    0.0000    4.4811 ^ _49_/D (sky130_fd_sc_hd__dfrtp_1)
                                        4.4811   data arrival time

                    0.0000    0.0000    0.0000   clock MYCLK (rise edge)
                              3.0000    3.0000   clock network delay (ideal)
                              0.1000    3.1000   clock uncertainty
                              0.0000    3.1000   clock reconvergence pessimism
                                        3.1000 ^ _49_/CLK (sky130_fd_sc_hd__dfrtp_1)
                             -0.1253    2.9747   library hold time
                                        2.9747   data required time
-------------------------------------------------------------------------------------
                                        2.9747   data required time
                                       -4.4811   data arrival time
-------------------------------------------------------------------------------------
                                        1.5064   slack (MET)


Startpoint: up_down (input port clocked by MYCLK)
Endpoint: _51_ (rising edge-triggered flip-flop clocked by MYCLK)
Path Group: MYCLK
Path Type: max

Fanout       Cap      Slew     Delay      Time   Description
-------------------------------------------------------------------------------------
                    0.0000    0.0000    0.0000   clock MYCLK (rise edge)
                              3.0000    3.0000   clock network delay (ideal)
                              4.0000    7.0000 v input external delay
                    0.5000    0.0000    7.0000 v up_down (in)
     5    0.0145                                 up_down (net)
                    0.5000    0.0000    7.0000 v _39_/B (sky130_fd_sc_hd__maj3_1)
                    0.2564    1.3908    8.3908 v _39_/X (sky130_fd_sc_hd__maj3_1)
     2    0.0063                                 _23_ (net)
                    0.2564    0.0000    8.3908 v _43_/A3 (sky130_fd_sc_hd__o31a_1)
                    0.1470    0.7719    9.1626 v _43_/X (sky130_fd_sc_hd__o31a_1)
     1    0.0043                                 _26_ (net)
                    0.1470    0.0000    9.1626 v _44_/B (sky130_fd_sc_hd__xnor2_1)
                    0.2784    0.2971    9.4597 v _44_/Y (sky130_fd_sc_hd__xnor2_1)
     1    0.0018                                 _12_ (net)
                    0.2784    0.0000    9.4597 v _51_/D (sky130_fd_sc_hd__dfrtp_1)
                                        9.4597   data arrival time

                    0.0000   10.0000   10.0000   clock MYCLK (rise edge)
                              3.0000   13.0000   clock network delay (ideal)
                             -0.5000   12.5000   clock uncertainty
                              0.0000   12.5000   clock reconvergence pessimism
                                       12.5000 ^ _51_/CLK (sky130_fd_sc_hd__dfrtp_1)
                             -0.5814   11.9186   library setup time
                                       11.9186   data required time
-------------------------------------------------------------------------------------
                                       11.9186   data required time
                                       -9.4597   data arrival time
-------------------------------------------------------------------------------------
                                        2.4590   slack (MET)


tns 0.00
