Startpoint: up_down (input port clocked by MYCLK)
Endpoint: _49_ (rising edge-triggered flip-flop clocked by MYCLK)
Path Group: MYCLK
Path Type: min

Fanout       Cap      Slew     Delay      Time   Description
-------------------------------------------------------------------------------------
                    0.0000    0.0000    0.0000   clock MYCLK (rise edge)
                              3.0000    3.0000   clock network delay (ideal)
                              1.0000    4.0000 ^ input external delay
                    0.1000    0.0000    4.0000 ^ up_down (in)
     5    0.0156                                 up_down (net)
                    0.1000    0.0000    4.0000 ^ _37_/A (sky130_fd_sc_hd__xor2_1)
                    0.0566    0.1039    4.1039 v _37_/X (sky130_fd_sc_hd__xor2_1)
     1    0.0042                                 _22_ (net)
                    0.0566    0.0000    4.1039 v _38_/B (sky130_fd_sc_hd__xnor2_1)
                    0.0386    0.1516    4.2554 v _38_/Y (sky130_fd_sc_hd__xnor2_1)
     1    0.0018                                 _10_ (net)
                    0.0386    0.0000    4.2554 v _49_/D (sky130_fd_sc_hd__dfrtp_1)
                                        4.2554   data arrival time

                    0.0000    0.0000    0.0000   clock MYCLK (rise edge)
                              3.0000    3.0000   clock network delay (ideal)
                              0.1000    3.1000   clock uncertainty
                              0.0000    3.1000   clock reconvergence pessimism
                                        3.1000 ^ _49_/CLK (sky130_fd_sc_hd__dfrtp_1)
                             -0.0901    3.0099   library hold time
                                        3.0099   data required time
-------------------------------------------------------------------------------------
                                        3.0099   data required time
                                       -4.2554   data arrival time
-------------------------------------------------------------------------------------
                                        1.2455   slack (MET)


Startpoint: up_down (input port clocked by MYCLK)
Endpoint: _51_ (rising edge-triggered flip-flop clocked by MYCLK)
Path Group: MYCLK
Path Type: max

Fanout       Cap      Slew     Delay      Time   Description
-------------------------------------------------------------------------------------
                    0.0000    0.0000    0.0000   clock MYCLK (rise edge)
                              3.0000    3.0000   clock network delay (ideal)
                              4.0000    7.0000 v input external delay
                    0.5000    0.0000    7.0000 v up_down (in)
     5    0.0143                                 up_down (net)
                    0.5000    0.0000    7.0000 v _39_/B (sky130_fd_sc_hd__maj3_1)
                    0.1146    0.8275    7.8275 v _39_/X (sky130_fd_sc_hd__maj3_1)
     2    0.0062                                 _23_ (net)
                    0.1146    0.0000    7.8275 v _43_/A3 (sky130_fd_sc_hd__o31a_1)
                    0.0736    0.4553    8.2828 v _43_/X (sky130_fd_sc_hd__o31a_1)
     1    0.0042                                 _26_ (net)
                    0.0736    0.0000    8.2828 v _44_/B (sky130_fd_sc_hd__xnor2_1)
                    0.1727    0.1606    8.4434 v _44_/Y (sky130_fd_sc_hd__xnor2_1)
     1    0.0018                                 _12_ (net)
                    0.1727    0.0000    8.4434 v _51_/D (sky130_fd_sc_hd__dfrtp_1)
                                        8.4434   data arrival time

                    0.0000   10.0000   10.0000   clock MYCLK (rise edge)
                              3.0000   13.0000   clock network delay (ideal)
                             -0.5000   12.5000   clock uncertainty
                              0.0000   12.5000   clock reconvergence pessimism
                                       12.5000 ^ _51_/CLK (sky130_fd_sc_hd__dfrtp_1)
                             -0.3143   12.1857   library setup time
                                       12.1857   data required time
-------------------------------------------------------------------------------------
                                       12.1857   data required time
                                       -8.4434   data arrival time
-------------------------------------------------------------------------------------
                                        3.7423   slack (MET)


tns 0.00
