Startpoint: _48_ (rising edge-triggered flip-flop clocked by MYCLK)
Endpoint: _48_ (rising edge-triggered flip-flop clocked by MYCLK)
Path Group: MYCLK
Path Type: min

Fanout       Cap      Slew     Delay      Time   Description
-------------------------------------------------------------------------------------
                    0.0000    0.0000    0.0000   clock MYCLK (rise edge)
                              3.0000    3.0000   clock network delay (ideal)
                    0.0000    0.0000    3.0000 ^ _48_/CLK (sky130_fd_sc_hd__dfrtp_1)
                    0.3792    0.5423    3.5423 v _48_/Q (sky130_fd_sc_hd__dfrtp_1)
     4    0.1077                                 counter_up_down[0] (net)
                    0.3792    0.0000    3.5423 v _34_/A (sky130_fd_sc_hd__clkinv_1)
                    0.1016    0.1457    3.6880 ^ _34_/Y (sky130_fd_sc_hd__clkinv_1)
     2    0.0066                                 _09_ (net)
                    0.1016    0.0000    3.6880 ^ _48_/D (sky130_fd_sc_hd__dfrtp_1)
                                        3.6880   data arrival time

                    0.0000    0.0000    0.0000   clock MYCLK (rise edge)
                              3.0000    3.0000   clock network delay (ideal)
                              0.1000    3.1000   clock uncertainty
                              0.0000    3.1000   clock reconvergence pessimism
                                        3.1000 ^ _48_/CLK (sky130_fd_sc_hd__dfrtp_1)
                             -0.0344    3.0656   library hold time
                                        3.0656   data required time
-------------------------------------------------------------------------------------
                                        3.0656   data required time
                                       -3.6880   data arrival time
-------------------------------------------------------------------------------------
                                        0.6223   slack (MET)


Startpoint: up_down (input port clocked by MYCLK)
Endpoint: _51_ (rising edge-triggered flip-flop clocked by MYCLK)
Path Group: MYCLK
Path Type: max

Fanout       Cap      Slew     Delay      Time   Description
-------------------------------------------------------------------------------------
                    0.0000    0.0000    0.0000   clock MYCLK (rise edge)
                              3.0000    3.0000   clock network delay (ideal)
                              4.0000    7.0000 v input external delay
                    0.5000    0.0000    7.0000 v up_down (in)
     5    0.0149                                 up_down (net)
                    0.5000    0.0000    7.0000 v _39_/B (sky130_fd_sc_hd__maj3_1)
                    0.0725    0.4093    7.4093 v _39_/X (sky130_fd_sc_hd__maj3_1)
     2    0.0063                                 _23_ (net)
                    0.0725    0.0000    7.4093 v _43_/A3 (sky130_fd_sc_hd__o31a_1)
                    0.0482    0.1999    7.6091 v _43_/X (sky130_fd_sc_hd__o31a_1)
     1    0.0043                                 _26_ (net)
                    0.0482    0.0000    7.6091 v _44_/B (sky130_fd_sc_hd__xnor2_1)
                    0.1184    0.0905    7.6997 v _44_/Y (sky130_fd_sc_hd__xnor2_1)
     1    0.0020                                 _12_ (net)
                    0.1184    0.0000    7.6997 v _51_/D (sky130_fd_sc_hd__dfrtp_1)
                                        7.6997   data arrival time

                    0.0000   10.0000   10.0000   clock MYCLK (rise edge)
                              3.0000   13.0000   clock network delay (ideal)
                             -0.5000   12.5000   clock uncertainty
                              0.0000   12.5000   clock reconvergence pessimism
                                       12.5000 ^ _51_/CLK (sky130_fd_sc_hd__dfrtp_1)
                             -0.1303   12.3697   library setup time
                                       12.3697   data required time
-------------------------------------------------------------------------------------
                                       12.3697   data required time
                                       -7.6997   data arrival time
-------------------------------------------------------------------------------------
                                        4.6700   slack (MET)


tns 0.00
